// Jest Snapshot v1, https://goo.gl/fbAQLP

exports[`firstEnvValueOf using callbacks ignores empty strings 1`] = `"value 2"`;

exports[`firstEnvValueOf using callbacks ignores undefined keys 1`] = `"value 2"`;

exports[`firstEnvValueOf using callbacks returns first value 1`] = `"value 1"`;

exports[`firstEnvValueOf using callbacks returns undefined when no keys match 1`] = `undefined`;

exports[`firstEnvValueOf using key names ignores empty strings 1`] = `"key 2"`;

exports[`firstEnvValueOf using key names ignores undefined keys 1`] = `"key 2"`;

exports[`firstEnvValueOf using key names returns first value 1`] = `"key 1"`;

exports[`firstEnvValueOf using key names returns undefined when no keys match 1`] = `undefined`;
